line: this is a line
line: this is another line
line: a
line: b
line: c
line: d
line: 1
line: 2
line: 3
line: 4
line: more lines
line: all done
